
Running 12 tests using 1 worker

  x   1 [dpr1] › e2e\rep49.spec.ts:129:1 › ①② 무늬가 선다(켬/끔 차) — 그리고 무늬도 면의 한쪽에만(48-5 무회귀) (5.0s)
  ok  2 [dpr1] › e2e\rep49.spec.ts:189:1 › ③ 면 고정 + 원근 — 수직 줄눈의 화면 간격이 깊은 쪽으로 갈수록 좁아진다 (4.7s)
  ok  3 [dpr1] › e2e\rep49.spec.ts:247:1 › ④ 밀도 하한 — 줌 아웃에서 접히고 줌 인에서 돌아온다(실배관) (5.0s)
  x   4 [dpr1] › e2e\rep49.spec.ts:286:1 › ⑤ 스무 면 — 분할 벽 전부에 무늬 · 프레임 시간(#82 — 같은 장면 켬/끔의 차) (20.0s)
  ok  5 [dpr1] › e2e\rep49.spec.ts:361:1 › ⑥ 실 UI 경로 — 꾹 잡기 → 손통 「표현」 클릭이 실제로 눌리고 실제로 붙인다 (#97·#96) (5.4s)
  ok  6 [dpr1] › e2e\rep49.spec.ts:407:1 › 원장 쓰기 (490ms)
  x   7 [dpr2] › e2e\rep49.spec.ts:129:1 › ①② 무늬가 선다(켬/끔 차) — 그리고 무늬도 면의 한쪽에만(48-5 무회귀) (10.4s)
  ok  8 [dpr2] › e2e\rep49.spec.ts:189:1 › ③ 면 고정 + 원근 — 수직 줄눈의 화면 간격이 깊은 쪽으로 갈수록 좁아진다 (10.9s)
  ok  9 [dpr2] › e2e\rep49.spec.ts:247:1 › ④ 밀도 하한 — 줌 아웃에서 접히고 줌 인에서 돌아온다(실배관) (12.4s)
  x  10 [dpr2] › e2e\rep49.spec.ts:286:1 › ⑤ 스무 면 — 분할 벽 전부에 무늬 · 프레임 시간(#82 — 같은 장면 켬/끔의 차) (49.4s)
  ok 11 [dpr2] › e2e\rep49.spec.ts:361:1 › ⑥ 실 UI 경로 — 꾹 잡기 → 손통 「표현」 클릭이 실제로 눌리고 실제로 붙인다 (#97·#96) (10.8s)
  ok 12 [dpr2] › e2e\rep49.spec.ts:407:1 › 원장 쓰기 (744ms)


  1) [dpr1] › e2e\rep49.spec.ts:129:1 › ①② 무늬가 선다(켬/끔 차) — 그리고 무늬도 면의 한쪽에만(48-5 무회귀) ───────────────

    Error: 장면 자체는 화면에 있다(획 잉크 > 0) — «안 그려져서 0»과 가른다

    expect(received).toBeGreaterThan(expected)

    Expected: > 0
    Received:   0

      169 |   expect(farVis.every((v: boolean) => v === false), '건너편에서 렌더가 무늬를 접었다').toBe(true)
      170 |   const wholeFar = await glInk(page, 0, 0, 1200, 800)
    > 171 |   expect(wholeFar, '장면 자체는 화면에 있다(획 잉크 > 0) — «안 그려져서 0»과 가른다').toBeGreaterThan(0)
          |                                                                 ^
      172 |   OUT.on_off_side = {
      173 |     def: '벽 상자 #gl 잉크 — rep 끔/켬의 차 · 평면 건너편에서 돌아본 포즈: 장면은 보이고(획 잉크 > 0) 무늬 계열만 접힌다(children.visible 전 거짓). sd = 카메라의 평면 부호 거리(세계 단위 · 진단값 — 0이면 팔이 안 선다)',
      174 |     before, after, delta: after - before, diag_children: diagRows.children, flipped,
        at C:\Users\home\Downloads\SKETCH2SPACE\web2\e2e\rep49.spec.ts:171:65

    Error Context: test-results\rep49-①②-무늬가-선다-켬-끔-차-—-그리고-무늬도-면의-한쪽에만-48-5-무회귀--dpr1\error-context.md

  2) [dpr1] › e2e\rep49.spec.ts:286:1 › ⑤ 스무 면 — 분할 벽 전부에 무늬 · 프레임 시간(#82 — 같은 장면 켬/끔의 차) ──────────

    Error: expect(received).toBeLessThan(expected)

    Matcher error: expected value must be a number or bigint

    Expected has value: undefined

      356 |   expect(repN, '무늬 계열이 실제로 얹혔다').toBeGreaterThan(faceN)
      357 |   // 프레임 예산(C.REP_FRAME_BUDGET_MS — 원장 gate 블록이 같은 값을 든다)
    > 358 |   expect(after.median - before.median, '무늬의 프레임 비용(중앙값 차)').toBeLessThan(budget)
          |                                                             ^
      359 | })
      360 |
      361 | test('⑥ 실 UI 경로 — 꾹 잡기 → 손통 「표현」 클릭이 실제로 눌리고 실제로 붙인다 (#97·#96)', async ({ page }) => {
        at C:\Users\home\Downloads\SKETCH2SPACE\web2\e2e\rep49.spec.ts:358:61

    Error Context: test-results\rep49-⑤-스무-면-—-분할-벽-전부에-무늬-·-프레임-시간-82-—-같은-장면-켬-끔의-차--dpr1\error-context.md

  3) [dpr2] › e2e\rep49.spec.ts:129:1 › ①② 무늬가 선다(켬/끔 차) — 그리고 무늬도 면의 한쪽에만(48-5 무회귀) ───────────────

    Error: 장면 자체는 화면에 있다(획 잉크 > 0) — «안 그려져서 0»과 가른다

    expect(received).toBeGreaterThan(expected)

    Expected: > 0
    Received:   0

      169 |   expect(farVis.every((v: boolean) => v === false), '건너편에서 렌더가 무늬를 접었다').toBe(true)
      170 |   const wholeFar = await glInk(page, 0, 0, 1200, 800)
    > 171 |   expect(wholeFar, '장면 자체는 화면에 있다(획 잉크 > 0) — «안 그려져서 0»과 가른다').toBeGreaterThan(0)
          |                                                                 ^
      172 |   OUT.on_off_side = {
      173 |     def: '벽 상자 #gl 잉크 — rep 끔/켬의 차 · 평면 건너편에서 돌아본 포즈: 장면은 보이고(획 잉크 > 0) 무늬 계열만 접힌다(children.visible 전 거짓). sd = 카메라의 평면 부호 거리(세계 단위 · 진단값 — 0이면 팔이 안 선다)',
      174 |     before, after, delta: after - before, diag_children: diagRows.children, flipped,
        at C:\Users\home\Downloads\SKETCH2SPACE\web2\e2e\rep49.spec.ts:171:65

    Error Context: test-results\rep49-①②-무늬가-선다-켬-끔-차-—-그리고-무늬도-면의-한쪽에만-48-5-무회귀--dpr2\error-context.md

  4) [dpr2] › e2e\rep49.spec.ts:286:1 › ⑤ 스무 면 — 분할 벽 전부에 무늬 · 프레임 시간(#82 — 같은 장면 켬/끔의 차) ──────────

    Error: expect(received).toBeLessThan(expected)

    Matcher error: expected value must be a number or bigint

    Expected has value: undefined

      356 |   expect(repN, '무늬 계열이 실제로 얹혔다').toBeGreaterThan(faceN)
      357 |   // 프레임 예산(C.REP_FRAME_BUDGET_MS — 원장 gate 블록이 같은 값을 든다)
    > 358 |   expect(after.median - before.median, '무늬의 프레임 비용(중앙값 차)').toBeLessThan(budget)
          |                                                             ^
      359 | })
      360 |
      361 | test('⑥ 실 UI 경로 — 꾹 잡기 → 손통 「표현」 클릭이 실제로 눌리고 실제로 붙인다 (#97·#96)', async ({ page }) => {
        at C:\Users\home\Downloads\SKETCH2SPACE\web2\e2e\rep49.spec.ts:358:61

    Error Context: test-results\rep49-⑤-스무-면-—-분할-벽-전부에-무늬-·-프레임-시간-82-—-같은-장면-켬-끔의-차--dpr2\error-context.md

  4 failed
    [dpr1] › e2e\rep49.spec.ts:129:1 › ①② 무늬가 선다(켬/끔 차) — 그리고 무늬도 면의 한쪽에만(48-5 무회귀) ────────────────
    [dpr1] › e2e\rep49.spec.ts:286:1 › ⑤ 스무 면 — 분할 벽 전부에 무늬 · 프레임 시간(#82 — 같은 장면 켬/끔의 차) ───────────
    [dpr2] › e2e\rep49.spec.ts:129:1 › ①② 무늬가 선다(켬/끔 차) — 그리고 무늬도 면의 한쪽에만(48-5 무회귀) ────────────────
    [dpr2] › e2e\rep49.spec.ts:286:1 › ⑤ 스무 면 — 분할 벽 전부에 무늬 · 프레임 시간(#82 — 같은 장면 켬/끔의 차) ───────────
  8 passed (2.4m)
EXIT=1
