
Running 5 tests using 1 worker

  ok 1 [dpr2] › e2e\perf74.spec.ts:63:1 › §0 계측 판 — 옛 자(p95)와 새 자(최장 간격)를 같은 눈금 위에서 (14.7s)
  ok 2 [dpr2] › e2e\perf74.spec.ts:137:1 › §1 표식 — 일곱이 이름을 붙인다 · 표식 밖은 ? (1.4m)
  x  3 [dpr2] › e2e\perf74.spec.ts:219:1 › §2 세 팔 — 그냥 / ?nothumb=1 / ?nosave=1 (세 번씩) (6.2m)
  ok 4 [dpr2] › e2e\perf74.spec.ts:330:1 › §3-3 전/후 — 같은 실행·같은 몸짓으로 수리 전 거동 ↔ 지금 (3.2m)
  ok 5 [dpr2] › e2e\perf74.spec.ts:378:1 › §4 열기 — 세 몫(파싱 · 세우기 · 굽기)을 값으로 (1.3m)


  1) [dpr2] › e2e\perf74.spec.ts:219:1 › §2 세 팔 — 그냥 / ?nothumb=1 / ?nosave=1 (세 번씩) ───────────────

    ReferenceError: Cannot access 'col' before initialization

      271 |   //   그 사실과, 같은 몸짓을 «굽기가 도는 창»에서 잰 값(§1 자연 판)을 나란히 둔다.
      272 |   OUT.S2_arms_bake_note = {
    > 273 |     bake_commit_in_arms: Object.fromEntries(ARMS.map((a, i) => [a[0], col(i).map(x => x.marks['bake.commit']?.n ?? 0)])),
          |                                                                       ^
      274 |     why: '팔의 창이 settleBake 뒤부터라 새 획은 초안 인계로 확정된다(재굽기 없음). 세 팔은 «저장 갈래»의 안쪽만 가른다',
      275 |     compare_with: '@S1_natural.gesture_marks — 같은 몸짓을 굽기가 도는 창에서 재면 bake.commit이 저장 갈래를 자릿수로 넘는다',
      276 |   }
        at map (C:\Users\home\Downloads\SKETCH2SPACE\web2\e2e\perf74.spec.ts:273:71)
        at C:\Users\home\Downloads\SKETCH2SPACE\web2\e2e\perf74.spec.ts:273:50

    Error Context: test-results\perf74-§2-세-팔-—-그냥-nothumb-1-nosave-1-세-번씩--dpr2\error-context.md

  1 failed
    [dpr2] › e2e\perf74.spec.ts:219:1 › §2 세 팔 — 그냥 / ?nothumb=1 / ?nosave=1 (세 번씩) ────────────────
  4 passed (12.3m)
